// Jest Snapshot v1, https://goo.gl/fbAQLP

exports[`features/browserslist has a name 1`] = `"Browserslist"`;

exports[`features/browserslist has no questions 1`] = `undefined`;

exports[`features/browserslist run adds a config change 1`] = `
[MockFunction addPackageJsonChange] {
  "calls": Array [
    Array [
      [Function],
    ],
  ],
  "results": Array [
    Object {
      "type": "return",
      "value": [Function],
    },
  ],
}
`;

exports[`features/browserslist run adds a config change 2`] = `
Object {
  "browserslist": Array [
    "extends @zonedigital/browserslist-config",
  ],
  "name": "test package",
}
`;
