// Jest Snapshot v1, https://goo.gl/fbAQLP

exports[`features/editorConfig has a name 1`] = `"EditorConfig"`;

exports[`features/editorConfig has no questions 1`] = `undefined`;

exports[`features/editorConfig run adds a file 1`] = `
[MockFunction addFile] {
  "calls": Array [
    Array [
      Object {
        "content": "# editorconfig.org
root = true

[*]
indent_style = space
indent_size = 2
end_of_line = lf
charset = utf-8
trim_trailing_whitespace = true
insert_final_newline = true

[*.md]
trim_trailing_whitespace = false",
        "fileName": ".editorConfig",
      },
    ],
  ],
  "results": Array [
    Object {
      "type": "return",
      "value": undefined,
    },
  ],
}
`;
