// Jest Snapshot v1, https://goo.gl/fbAQLP

exports[`logger formats debug logs 1`] = `"[2m[1mDEBUG[22m[2m test[22m"`;

exports[`logger formats error logs 1`] = `"[31m[1mERROR[22m test[39m"`;

exports[`logger formats info logs 1`] = `"test"`;

exports[`logger has log levels 1`] = `
Object {
  "debug": 2,
  "error": 0,
  "info": 1,
}
`;
